// Jest Snapshot v1, https://goo.gl/fbAQLP

exports[`First React component test with Enzyme renders without crashing 1`] = `
<styled.div>
  <h1>
    Page Not Found
  </h1>
</styled.div>
`;
